{
  "certificate": {
    "angular_multiplier": 3,
    "angular_spectral_tail": 0.011120620864316965,
    "boundary_residual": 0.0,
    "bulk_force_rms_N_per_m3": 51.031996874514604,
    "complete": true,
    "completed_coarse_points": 541440,
    "completed_fine_points": 812160,
    "edge_force_rms_N_per_m3": 30.405459991569252,
    "epsilon_B": 9.582953139103397e-06,
    "expected_coarse_points": 541440,
    "expected_fine_points": 812160,
    "force_pass": true,
    "force_rms_N_per_m3": 56.68745822488367,
    "force_target": 1e-05,
    "geometry_pass": true,
    "lambda_gauge_residual": 0.0,
    "minimum_signed_jacobian": 23.838686436334143,
    "near_axis_force_rms_N_per_m3": 179.41413711721546,
    "nestedness_margin": 0.7351445612367651,
    "normalized_l2": 0.06000425459111735,
    "passes_force_target": true,
    "profile_boundary_pass": true,
    "quadrature_pass": true,
    "radial_order_increment": 2,
    "radial_refinement_difference": 1.8022457986128943e-07,
    "shifted_theta_fraction": 0.5,
    "shifted_zeta_fraction": 0.375,
    "target_epsilon_B": 1e-05
  },
  "complete": true,
  "derivative": {
    "complete": false,
    "pass": false
  },
  "execution": {
    "outcome": "completed",
    "phase": "complete"
  },
  "limitations": [
    "This certificate qualifies the axisymmetric fixed-profile native state only.",
    "It does not qualify stationarity, 3-D, prescribed-current, LASYM, implicit derivatives, or the public polish driver."
  ],
  "method": "independent shifted point oracle with bounded point sweeps",
  "model": {
    "declared_scope": "axisymmetric fixed-boundary prescribed-pressure/iota",
    "gamma": 0.0,
    "lasym": false,
    "metadata_complete": false,
    "ncurr": 0
  },
  "product_qualified": false,
  "schema": "vmex.polish-recovery-certificate/2",
  "source": {
    "generator": "benchmarks/polish_recovery_certify.py",
    "generator_sha256": "cf42328f5f6af7b7b53faacc437942bb64e7c5a2ff09b783deb68a265caaa486",
    "native_state": "benchmarks/polish_recovery_r4_adaptive132_provisional_state.npz",
    "native_state_sha256": "fd2ef2ffe6c2a22a6fa996975a30a9dd6f5316e8333578f17b5e4d3d92f39659"
  },
  "stationarity": {
    "complete": false,
    "pass": false
  },
  "status": "measured-not-product-qualified",
  "work": {
    "total_process_seconds": 83.66937733301893
  }
}
