{
  "checks": {
    "final_force_residual_norm": 9.582950792602227e-06,
    "final_full_gradient_norm": 0.00011977261897646013,
    "final_gauge_residual_norm": 3.911709855106719e-18,
    "final_operator_frobenius_norm": 580517.4828661004,
    "final_projected_gradient_frobenius_relative": 6.370840187085624e-08,
    "final_projected_gradient_norm": 3.544143293011825e-07,
    "final_projected_gradient_relative_to_full": 0.002959059694360014,
    "force_certificate": {
      "epsilon_B": 9.582950770473997e-06,
      "force_rms_N_per_m3": 56.6874442133803,
      "method": "independent shifted point oracle",
      "minimum_signed_jacobian": 23.84271580654374,
      "point_force_relative_error": 0.0,
      "radial_refinement_difference": 1.8614662674719733e-07
    },
    "history": [
      {
        "acceptance_reason": null,
        "accepted": false,
        "compressed_product_relative_error": 7.387707008858155e-16,
        "compressed_transpose_relative_error": 2.6673055459518096e-15,
        "constraint_defect_norm": 3.91170985510672e-18,
        "force_residual_norm": 9.582950792601967e-06,
        "iteration": 1,
        "linear_certificate": {
          "factor_solve_seconds": 30.624158082995564,
          "lsmr_condition_estimate": 30.320358321298286,
          "lsmr_iterations": 400,
          "lsmr_normal_residual_norm": 2.0904152043061206e-10,
          "lsmr_operator_norm_estimate": 797722.900692572,
          "lsmr_residual_norm": 9.582950792593013e-06,
          "lsmr_stop_code": 7,
          "model_norm": 9.582950792592714e-06,
          "original_constraint_norm": 4.096679201700004e-30,
          "projection_kkt_nnz": 1964315,
          "solver": "projected_unsquared_lsmr",
          "stationarity_norm": 2.0904152045975563e-10,
          "stationarity_relative": 1.7453197753406609e-06,
          "true_kkt_relative_residual": 1.7453197753406609e-06
        },
        "linear_passes": false,
        "trials": []
      }
    ],
    "independent_epsilon_B": 9.582950770473997e-06,
    "independent_force_rms_N_per_m3": 56.6874442133803,
    "independent_radial_refinement_difference": 1.8614662674719733e-07,
    "minimum_signed_jacobian": 23.84271580654374,
    "projection_constraint_norm": 1.0802411415212098e-19,
    "projection_kkt_nnz": 1964315,
    "projection_true_residual_relative": 1.9139124765584743e-15,
    "stationarity_pass": false,
    "stationarity_reference_norm": 5.5630704725511455,
    "stationarity_tolerance": 1e-08
  },
  "complete": true,
  "discretization": {
    "basis_degree": 3,
    "basis_size": 191,
    "compressed_colors": 232,
    "coordinates": 11039,
    "force_pattern_nnz": 63535266,
    "force_rows": 274104,
    "gauge_rows": 3610
  },
  "experiment": "R5-compressed-sparse-feasible-force-step",
  "limitations": [
    "This is an axisymmetric fixed-profile research generator, not the public polish driver.",
    "The sparse-direct normal equations require a conditioning-limited comparison before production promotion.",
    "Peak RSS is process high-water memory and may include earlier JAX compilation allocations."
  ],
  "model": {
    "axisymmetric_only": true,
    "damping": 0.0,
    "fixed_profiles": true,
    "force_scale_N_per_m3": 5915447.712414409,
    "linear_solver": "lsmr",
    "max_linear_iterations": 400,
    "solve_radial_order": 6,
    "stage": "saved original frozen gauge",
    "stationarity_refinement": false,
    "volume_scale_m3": 633.7993467060758
  },
  "product_qualified": false,
  "refinement": {
    "inserted_knots": [],
    "new_maximum_m": 19,
    "old_maximum_m": 19,
    "selected_span_indices": [],
    "span_force_squared_contributions": null
  },
  "schema": "vmex.polish-recovery/4",
  "source": {
    "generator": "benchmarks/polish_recovery_sparse.py",
    "generator_sha256": "d82d8398446e29013b6812616e282650e7f7575fe8c5c74ea9dd43f477dc46b1",
    "input_native_state": "benchmarks/polish_recovery_r5_basis191_stationary_refined_state.npz",
    "input_native_state_sha256": "d1ba80f68a9b7a9d68922303bc9d393ca38f0d113d327a0b38701129063bea41",
    "output_native_state": "benchmarks/polish_recovery_r5_basis191_lsmr400_state.npz",
    "output_native_state_sha256": "d1ba80f68a9b7a9d68922303bc9d393ca38f0d113d327a0b38701129063bea41"
  },
  "status": "measured-not-promoted",
  "work": {
    "certificate_seconds": 42.21981441695243,
    "compressed_force_assembly_seconds": 9.613599375006743,
    "constraint_assembly_seconds": 13.08102554094512,
    "final_stationarity_assembly_seconds": 0.0,
    "memory_cap_bytes": 2147483648,
    "peak_process_rss_bytes": 3500294144,
    "sparse_factor_solve_seconds": 30.624158082995564,
    "sparse_force_value_index_estimate_bytes": 764616032,
    "total_process_seconds": 101.64489624998532
  }
}
